This is pdfTeX, Version 3.141592653-2.6-1.40.29 (MiKTeX 26.5) (preloaded format=pdflatex 2026.6.10)  21 AUG 2026 09:43
entering extended mode
 restricted \write18 enabled.
 file:line:error style messages enabled.
 %&-line parsing enabled.
**d:/realm/projects/local/projects/decentralized-smart-power-grid/Software_Engineering_Reports/minor_project_report/copyright_page.tex
(d:/realm/projects/local/projects/decentralized-smart-power-grid/Software_Engineering_Reports/minor_project_report/copyright_page.tex
LaTeX2e <2026-06-01>
L3 programming layer <2026-05-26>
(D:\realm\hoyovserse\light\latex\tex/latex/l3backend\l3backend-pdftex.def
File: l3backend-pdftex.def 2026-02-18 L3 backend support: PDF output (pdfTeX)
\l__color_backend_stack_int=\count276
) (copyright_page.aux)
\openout1 = `copyright_page.aux'.

LaTeX Font Info:    Checking defaults for OML/cmm/m/it on input line 1.
LaTeX Font Info:    ... okay on input line 1.
LaTeX Font Info:    Checking defaults for OMS/cmsy/m/n on input line 1.
LaTeX Font Info:    ... okay on input line 1.
LaTeX Font Info:    Checking defaults for OT1/cmr/m/n on input line 1.
LaTeX Font Info:    ... okay on input line 1.
LaTeX Font Info:    Checking defaults for T1/cmr/m/n on input line 1.
LaTeX Font Info:    ... okay on input line 1.
LaTeX Font Info:    Checking defaults for TS1/cmr/m/n on input line 1.
LaTeX Font Info:    ... okay on input line 1.
LaTeX Font Info:    Checking defaults for OMX/cmex/m/n on input line 1.
LaTeX Font Info:    ... okay on input line 1.
LaTeX Font Info:    Checking defaults for U/cmr/m/n on input line 1.
LaTeX Font Info:    ... okay on input line 1.


d:/realm/projects/local/projects/decentralized-smart-power-grid/Software_Engineering_Reports/minor_project_report/copyright_page.tex:1: LaTeX Error: The font size command \normalsize is not defined:
               there is probably something wrong with the class file.

See the LaTeX manual or LaTeX Companion for explanation.
Type  H <return>  for immediate help.
 ...                                              
                                                  
l.1 \begin{document}
                    
Your command was ignored.
Type  I <command> <return>  to replace it with another command,
or  <return>  to continue without it.


d:/realm/projects/local/projects/decentralized-smart-power-grid/Software_Engineering_Reports/minor_project_report/copyright_page.tex:3: LaTeX Error: \begin{document} ended by \end{center}.

See the LaTeX manual or LaTeX Companion for explanation.
Type  H <return>  for immediate help.
 ...                                              
                                                  
l.3 \end{center}
                
Your command was ignored.
Type  I <command> <return>  to replace it with another command,
or  <return>  to continue without it.

d:/realm/projects/local/projects/decentralized-smart-power-grid/Software_Engineering_Reports/minor_project_report/copyright_page.tex:3: Extra \endgroup.
\end  ...end#1\endcsname \@checkend {#1}\endgroup 
                                                  \UseHook {env/#1/after}\if...
l.3 \end{center}
                
Things are pretty mixed up, but I think the worst is over.


d:/realm/projects/local/projects/decentralized-smart-power-grid/Software_Engineering_Reports/minor_project_report/copyright_page.tex:37: LaTeX Error: The font size command \normalsize is not defined:
               there is probably something wrong with the class file.

See the LaTeX manual or LaTeX Companion for explanation.
Type  H <return>  for immediate help.
 ...                                              
                                                  
l.37 \clearpage
               
Your command was ignored.
Type  I <command> <return>  to replace it with another command,
or  <return>  to continue without it.

[1{C:/Users/tonys/AppData/Local/MiKTeX/fonts/map/pdftex/pdftex.map}])
! Emergency stop.
<*> ...rts/minor_project_report/copyright_page.tex
                                                  
*** (job aborted, no legal \end found)

 
Here is how much of TeX's memory you used:
 210 strings out of 467475
 6201 string characters out of 5413705
 438365 words of memory out of 5000000
 29553 multiletter control sequences out of 15000+600000
 628336 words of font info for 42 fonts, out of 8000000 for 9000
 1141 hyphenation exceptions out of 8191
 29i,5n,34p,269b,102s stack positions out of 10000i,1000n,20000p,200000b,200000s
!  ==> Fatal error occurred, no output PDF file produced!
